V3 3
FL /home/seba/Documents/proyectoTD/proyectoTD/do/ej2.vhd 2014/12/15.19:57:45 P.49d
EN work/ej2 1418684270 FL /home/seba/Documents/proyectoTD/proyectoTD/do/ej2.vhd \
      PB ieee/std_logic_1164 1354696159
AR work/ej2/Behavioral 1418684271 \
      FL /home/seba/Documents/proyectoTD/proyectoTD/do/ej2.vhd EN work/ej2 1418684270
