V3 3
FL /home/seba/Documents/proyectoTD/proyectoTD/Torres_1469344/div_36e2.vhd 2014/12/15.20:35:09 P.49d
EN work/div_36e2 1418686513 \
      FL /home/seba/Documents/proyectoTD/proyectoTD/Torres_1469344/div_36e2.vhd \
      PB ieee/std_logic_1164 1354696159 PB ieee/NUMERIC_STD 1354696164
AR work/div_36e2/Behavioral 1418686514 \
      FL /home/seba/Documents/proyectoTD/proyectoTD/Torres_1469344/div_36e2.vhd \
      EN work/div_36e2 1418686513
