EN lcd NULL /home/seba/Documents/shared/lcd/lcd.vhd sub00/vhpl05 1418248105
EN rom NULL /home/seba/Documents/shared/lcd/rom.vhd sub00/vhpl00 1418248107
EN lcd_top NULL /home/seba/Documents/shared/lcd/lcd_top.vhd sub00/vhpl07 1418248111
AR rom rom_imp /home/seba/Documents/shared/lcd/rom.vhd sub00/vhpl01 1418248108
EN debounce NULL /home/seba/Documents/shared/lcd/debouncer.vhd sub00/vhpl09 1418248109
AR debounce logic /home/seba/Documents/shared/lcd/debouncer.vhd sub00/vhpl10 1418248110
AR timer behavioral C:/print_texto/lcd/timer.vhd sub00/vhpl03 1416673327
AR lcd_top fsm /home/seba/Documents/shared/lcd/lcd_top.vhd sub00/vhpl08 1418248112
AR timer data_flow /home/seba/Documents/shared/lcd/timer.vhd sub00/vhpl04 1418248104
AR lcd fsmd /home/seba/Documents/shared/lcd/lcd.vhd sub00/vhpl06 1418248106
EN timer NULL /home/seba/Documents/shared/lcd/timer.vhd sub00/vhpl02 1418248103
