EN lcd NULL /home/seba/Documents/shared/lcd/lcd.vhd sub00/vhpl05 1418080946
EN rom NULL /home/seba/Documents/shared/lcd/rom.vhd sub00/vhpl00 1418080948
EN lcd_top NULL /home/seba/Documents/shared/lcd/lcd_top.vhd sub00/vhpl07 1418080950
AR rom rom_imp /home/seba/Documents/shared/lcd/rom.vhd sub00/vhpl01 1418080949
AR timer behavioral C:/print_texto/lcd/timer.vhd sub00/vhpl03 1416673327
AR lcd_top fsm /home/seba/Documents/shared/lcd/lcd_top.vhd sub00/vhpl08 1418080951
AR timer data_flow /home/seba/Documents/shared/lcd/timer.vhd sub00/vhpl04 1418080945
AR lcd fsmd /home/seba/Documents/shared/lcd/lcd.vhd sub00/vhpl06 1418080947
EN timer NULL /home/seba/Documents/shared/lcd/timer.vhd sub00/vhpl02 1418080944
