Release 14.4 - xst P.49d (nt)
Copyright (c) 1995-2012 Xilinx, Inc.  All rights reserved.
--> Parameter TMPDIR set to xst/projnav.tmp


Total REAL time to Xst completion: 0.00 secs
Total CPU time to Xst completion: 0.15 secs
 
--> Parameter xsthdpdir set to xst


Total REAL time to Xst completion: 0.00 secs
Total CPU time to Xst completion: 0.15 secs
 
--> Reading design: lcd.prj

TABLE OF CONTENTS
  1) Synthesis Options Summary
  2) HDL Compilation
  3) Design Hierarchy Analysis
  4) HDL Analysis
  5) HDL Synthesis
     5.1) HDL Synthesis Report
  6) Advanced HDL Synthesis
     6.1) Advanced HDL Synthesis Report
  7) Low Level Synthesis
  8) Partition Report
  9) Final Report
	9.1) Device utilization summary
	9.2) Partition Resource Summary
	9.3) TIMING REPORT


=========================================================================
*                      Synthesis Options Summary                        *
=========================================================================
---- Source Parameters
Input File Name                    : "lcd.prj"
Input Format                       : mixed
Ignore Synthesis Constraint File   : NO

---- Target Parameters
Output File Name                   : "lcd"
Output Format                      : NGC
Target Device                      : xc3s500e-5-fg320

---- Source Options
Top Module Name                    : lcd
Automatic FSM Extraction           : YES
FSM Encoding Algorithm             : Auto
Safe Implementation                : No
FSM Style                          : LUT
RAM Extraction                     : Yes
RAM Style                          : Auto
ROM Extraction                     : Yes
Mux Style                          : Auto
Decoder Extraction                 : YES
Priority Encoder Extraction        : Yes
Shift Register Extraction          : YES
Logical Shifter Extraction         : YES
XOR Collapsing                     : YES
ROM Style                          : Auto
Mux Extraction                     : Yes
Resource Sharing                   : YES
Asynchronous To Synchronous        : NO
Multiplier Style                   : Auto
Automatic Register Balancing       : No

---- Target Options
Add IO Buffers                     : YES
Global Maximum Fanout              : 500
Add Generic Clock Buffer(BUFG)     : 24
Register Duplication               : YES
Slice Packing                      : YES
Optimize Instantiated Primitives   : NO
Use Clock Enable                   : Yes
Use Synchronous Set                : Yes
Use Synchronous Reset              : Yes
Pack IO Registers into IOBs        : Auto
Equivalent register Removal        : YES

---- General Options
Optimization Goal                  : Speed
Optimization Effort                : 1
Keep Hierarchy                     : No
Netlist Hierarchy                  : As_Optimized
RTL Output                         : Yes
Global Optimization                : AllClockNets
Read Cores                         : YES
Write Timing Constraints           : NO
Cross Clock Analysis               : NO
Hierarchy Separator                : /
Bus Delimiter                      : <>
Case Specifier                     : Maintain
Slice Utilization Ratio            : 100
BRAM Utilization Ratio             : 100
Verilog 2001                       : YES
Auto BRAM Packing                  : NO
Slice Utilization Ratio Delta      : 5

=========================================================================


=========================================================================
*                          HDL Compilation                              *
=========================================================================
Compiling vhdl file "C:/print_texto/lcd/timer.vhd" in Library work.
Architecture data_flow of Entity timer is up to date.
Compiling vhdl file "C:/print_texto/lcd/lcd.vhd" in Library work.
Entity <lcd> compiled.
Entity <lcd> (Architecture <fsmd>) compiled.

=========================================================================
*                     Design Hierarchy Analysis                         *
=========================================================================
Analyzing hierarchy for entity <lcd> in library <work> (architecture <fsmd>).

Analyzing hierarchy for entity <timer> in library <work> (architecture <data_flow>).


=========================================================================
*                            HDL Analysis                               *
=========================================================================
Analyzing Entity <lcd> in library <work> (Architecture <fsmd>).
Entity <lcd> analyzed. Unit <lcd> generated.

Analyzing Entity <timer> in library <work> (Architecture <data_flow>).
Entity <timer> analyzed. Unit <timer> generated.


=========================================================================
*                           HDL Synthesis                               *
=========================================================================

Performing bidirectional port resolution...

Synthesizing Unit <timer>.
    Related source file is "C:/print_texto/lcd/timer.vhd".
    Found 20-bit adder for signal <cont_next$addsub0000> created at line 54.
    Found 20-bit comparator less for signal <cont_next$cmp_lt0000> created at line 54.
    Found 20-bit register for signal <cont_reg>.
    Found 20-bit comparator equal for signal <tick$cmp_eq0000> created at line 58.
    Summary:
	inferred  20 D-type flip-flop(s).
	inferred   1 Adder/Subtractor(s).
	inferred   2 Comparator(s).
Unit <timer> synthesized.


Synthesizing Unit <lcd>.
    Related source file is "C:/print_texto/lcd/lcd.vhd".
    Found finite state machine <FSM_0> for signal <est_reg>.
    -----------------------------------------------------------------------
    | States             | 5                                              |
    | Transitions        | 9                                              |
    | Inputs             | 2                                              |
    | Outputs            | 3                                              |
    | Clock              | clk                       (rising_edge)        |
    | Reset              | clr                       (positive)           |
    | Reset type         | asynchronous                                   |
    | Reset State        | reposo                                         |
    | Power Up State     | reposo                                         |
    | Encoding           | automatic                                      |
    | Implementation     | LUT                                            |
    -----------------------------------------------------------------------
    Summary:
	inferred   1 Finite State Machine(s).
Unit <lcd> synthesized.


=========================================================================
HDL Synthesis Report

Macro Statistics
# Adders/Subtractors                                   : 1
 20-bit adder                                          : 1
# Registers                                            : 1
 20-bit register                                       : 1
# Comparators                                          : 2
 20-bit comparator equal                               : 1
 20-bit comparator less                                : 1

=========================================================================

=========================================================================
*                       Advanced HDL Synthesis                          *
=========================================================================

Analyzing FSM <FSM_0> for best encoding.
Optimizing FSM <est_reg/FSM> on signal <est_reg[1:3]> with gray encoding.
--------------------
 State  | Encoding
--------------------
 reposo | 000
 lcd_1  | 001
 lcd_2  | 011
 lcd_3  | 010
 fin    | 110
--------------------

=========================================================================
Advanced HDL Synthesis Report

Macro Statistics
# FSMs                                                 : 1
# Adders/Subtractors                                   : 1
 20-bit adder                                          : 1
# Registers                                            : 20
 Flip-Flops                                            : 20
# Comparators                                          : 2
 20-bit comparator equal                               : 1
 20-bit comparator less                                : 1

=========================================================================

=========================================================================
*                         Low Level Synthesis                           *
=========================================================================

Optimizing unit <lcd> ...

Optimizing unit <timer> ...

Mapping all equations...
Building and optimizing final netlist ...
Found area constraint ratio of 100 (+ 5) on block lcd, actual ratio is 0.

Final Macro Processing ...

=========================================================================
Final Register Report

Macro Statistics
# Registers                                            : 23
 Flip-Flops                                            : 23

=========================================================================

=========================================================================
*                           Partition Report                            *
=========================================================================

Partition Implementation Status
-------------------------------

  No Partitions were found in this design.

-------------------------------

=========================================================================
*                            Final Report                               *
=========================================================================
Final Results
RTL Top Level Output File Name     : lcd.ngr
Top Level Output File Name         : lcd
Output Format                      : NGC
Optimization Goal                  : Speed
Keep Hierarchy                     : No

Design Statistics
# IOs                              : 15

Cell Usage :
# BELS                             : 138
#      GND                         : 1
#      INV                         : 7
#      LUT1                        : 21
#      LUT2                        : 32
#      LUT3                        : 5
#      LUT4                        : 5
#      LUT4_D                      : 2
#      MUXCY                       : 44
#      VCC                         : 1
#      XORCY                       : 20
# FlipFlops/Latches                : 23
#      FDC                         : 23
# Clock Buffers                    : 1
#      BUFGP                       : 1
# IO Buffers                       : 14
#      IBUF                        : 7
#      OBUF                        : 7
=========================================================================

Device utilization summary:
---------------------------

Selected Device : 3s500efg320-5 

 Number of Slices:                       38  out of   4656     0%  
 Number of Slice Flip Flops:             23  out of   9312     0%  
 Number of 4 input LUTs:                 72  out of   9312     0%  
 Number of IOs:                          15
 Number of bonded IOBs:                  15  out of    232     6%  
 Number of GCLKs:                         1  out of     24     4%  

---------------------------
Partition Resource Summary:
---------------------------

  No Partitions were found in this design.

---------------------------


=========================================================================
TIMING REPORT

NOTE: THESE TIMING NUMBERS ARE ONLY A SYNTHESIS ESTIMATE.
      FOR ACCURATE TIMING INFORMATION PLEASE REFER TO THE TRACE REPORT
      GENERATED AFTER PLACE-and-ROUTE.

Clock Information:
------------------
-----------------------------------+------------------------+-------+
Clock Signal                       | Clock buffer(FF name)  | Load  |
-----------------------------------+------------------------+-------+
clk                                | BUFGP                  | 23    |
-----------------------------------+------------------------+-------+

Asynchronous Control Signals Information:
----------------------------------------
-----------------------------------+------------------------+-------+
Control Signal                     | Buffer(FF name)        | Load  |
-----------------------------------+------------------------+-------+
clr                                | IBUF                   | 23    |
-----------------------------------+------------------------+-------+

Timing Summary:
---------------
Speed Grade: -5

   Minimum period: 5.812ns (Maximum Frequency: 172.064MHz)
   Minimum input arrival time before clock: 7.906ns
   Maximum output required time after clock: 5.373ns
   Maximum combinational path delay: 5.068ns

Timing Detail:
--------------
All values displayed in nanoseconds (ns)

=========================================================================
Timing constraint: Default period analysis for Clock 'clk'
  Clock period: 5.812ns (frequency: 172.064MHz)
  Total number of paths / destination ports: 878 / 23
-------------------------------------------------------------------------
Delay:               5.812ns (Levels of Logic = 19)
  Source:            tmr_unit/cont_reg_3 (FF)
  Destination:       tmr_unit/cont_reg_19 (FF)
  Source Clock:      clk rising
  Destination Clock: clk rising

  Data Path: tmr_unit/cont_reg_3 to tmr_unit/cont_reg_19
                                Gate     Net
    Cell:in->out      fanout   Delay   Delay  Logical Name (Net Name)
    ----------------------------------------  ------------
     FDC:C->Q              3   0.514   0.520  tmr_unit/cont_reg_3 (tmr_unit/cont_reg_3)
     LUT2:I1->O            1   0.612   0.000  tmr_unit/Mcompar_cont_next_cmp_lt0000_lut<0> (tmr_unit/Mcompar_cont_next_cmp_lt0000_lut<0>)
     MUXCY:S->O            1   0.404   0.000  tmr_unit/Mcompar_cont_next_cmp_lt0000_cy<0> (tmr_unit/Mcompar_cont_next_cmp_lt0000_cy<0>)
     MUXCY:CI->O           1   0.052   0.000  tmr_unit/Mcompar_cont_next_cmp_lt0000_cy<1> (tmr_unit/Mcompar_cont_next_cmp_lt0000_cy<1>)
     MUXCY:CI->O           1   0.052   0.000  tmr_unit/Mcompar_cont_next_cmp_lt0000_cy<2> (tmr_unit/Mcompar_cont_next_cmp_lt0000_cy<2>)
     MUXCY:CI->O           1   0.052   0.000  tmr_unit/Mcompar_cont_next_cmp_lt0000_cy<3> (tmr_unit/Mcompar_cont_next_cmp_lt0000_cy<3>)
     MUXCY:CI->O           1   0.052   0.000  tmr_unit/Mcompar_cont_next_cmp_lt0000_cy<4> (tmr_unit/Mcompar_cont_next_cmp_lt0000_cy<4>)
     MUXCY:CI->O           1   0.052   0.000  tmr_unit/Mcompar_cont_next_cmp_lt0000_cy<5> (tmr_unit/Mcompar_cont_next_cmp_lt0000_cy<5>)
     MUXCY:CI->O           1   0.052   0.000  tmr_unit/Mcompar_cont_next_cmp_lt0000_cy<6> (tmr_unit/Mcompar_cont_next_cmp_lt0000_cy<6>)
     MUXCY:CI->O           1   0.052   0.000  tmr_unit/Mcompar_cont_next_cmp_lt0000_cy<7> (tmr_unit/Mcompar_cont_next_cmp_lt0000_cy<7>)
     MUXCY:CI->O           1   0.052   0.000  tmr_unit/Mcompar_cont_next_cmp_lt0000_cy<8> (tmr_unit/Mcompar_cont_next_cmp_lt0000_cy<8>)
     MUXCY:CI->O           1   0.052   0.000  tmr_unit/Mcompar_cont_next_cmp_lt0000_cy<9> (tmr_unit/Mcompar_cont_next_cmp_lt0000_cy<9>)
     MUXCY:CI->O           1   0.052   0.000  tmr_unit/Mcompar_cont_next_cmp_lt0000_cy<10> (tmr_unit/Mcompar_cont_next_cmp_lt0000_cy<10>)
     MUXCY:CI->O           1   0.052   0.000  tmr_unit/Mcompar_cont_next_cmp_lt0000_cy<11> (tmr_unit/Mcompar_cont_next_cmp_lt0000_cy<11>)
     MUXCY:CI->O           1   0.052   0.000  tmr_unit/Mcompar_cont_next_cmp_lt0000_cy<12> (tmr_unit/Mcompar_cont_next_cmp_lt0000_cy<12>)
     MUXCY:CI->O           1   0.052   0.000  tmr_unit/Mcompar_cont_next_cmp_lt0000_cy<13> (tmr_unit/Mcompar_cont_next_cmp_lt0000_cy<13>)
     MUXCY:CI->O           1   0.052   0.000  tmr_unit/Mcompar_cont_next_cmp_lt0000_cy<14> (tmr_unit/Mcompar_cont_next_cmp_lt0000_cy<14>)
     MUXCY:CI->O           2   0.399   0.383  tmr_unit/Mcompar_cont_next_cmp_lt0000_cy<15> (tmr_unit/Mcompar_cont_next_cmp_lt0000_cy<15>)
     LUT4_D:I3->O          9   0.612   0.766  tmr_unit/cont_next<0>11 (tmr_unit/N01)
     LUT2:I1->O            1   0.612   0.000  tmr_unit/cont_next<18>1 (tmr_unit/cont_next<18>)
     FDC:D                     0.268          tmr_unit/cont_reg_18
    ----------------------------------------
    Total                      5.812ns (4.143ns logic, 1.669ns route)
                                       (71.3% logic, 28.7% route)

=========================================================================
Timing constraint: Default OFFSET IN BEFORE for Clock 'clk'
  Total number of paths / destination ports: 216 / 23
-------------------------------------------------------------------------
Offset:              7.906ns (Levels of Logic = 19)
  Source:            rs (PAD)
  Destination:       tmr_unit/cont_reg_19 (FF)
  Destination Clock: clk rising

  Data Path: rs to tmr_unit/cont_reg_19
                                Gate     Net
    Cell:in->out      fanout   Delay   Delay  Logical Name (Net Name)
    ----------------------------------------  ------------
     IBUF:I->O            11   1.106   0.793  rs_IBUF (lcd_rs_OBUF)
     INV:I->O              6   0.612   0.721  lcd_time<13>1_INV_0 (lcd_time<13>)
     LUT2:I0->O            1   0.612   0.000  tmr_unit/Mcompar_cont_next_cmp_lt0000_lut<2> (tmr_unit/Mcompar_cont_next_cmp_lt0000_lut<2>)
     MUXCY:S->O            1   0.404   0.000  tmr_unit/Mcompar_cont_next_cmp_lt0000_cy<2> (tmr_unit/Mcompar_cont_next_cmp_lt0000_cy<2>)
     MUXCY:CI->O           1   0.052   0.000  tmr_unit/Mcompar_cont_next_cmp_lt0000_cy<3> (tmr_unit/Mcompar_cont_next_cmp_lt0000_cy<3>)
     MUXCY:CI->O           1   0.052   0.000  tmr_unit/Mcompar_cont_next_cmp_lt0000_cy<4> (tmr_unit/Mcompar_cont_next_cmp_lt0000_cy<4>)
     MUXCY:CI->O           1   0.052   0.000  tmr_unit/Mcompar_cont_next_cmp_lt0000_cy<5> (tmr_unit/Mcompar_cont_next_cmp_lt0000_cy<5>)
     MUXCY:CI->O           1   0.052   0.000  tmr_unit/Mcompar_cont_next_cmp_lt0000_cy<6> (tmr_unit/Mcompar_cont_next_cmp_lt0000_cy<6>)
     MUXCY:CI->O           1   0.052   0.000  tmr_unit/Mcompar_cont_next_cmp_lt0000_cy<7> (tmr_unit/Mcompar_cont_next_cmp_lt0000_cy<7>)
     MUXCY:CI->O           1   0.052   0.000  tmr_unit/Mcompar_cont_next_cmp_lt0000_cy<8> (tmr_unit/Mcompar_cont_next_cmp_lt0000_cy<8>)
     MUXCY:CI->O           1   0.052   0.000  tmr_unit/Mcompar_cont_next_cmp_lt0000_cy<9> (tmr_unit/Mcompar_cont_next_cmp_lt0000_cy<9>)
     MUXCY:CI->O           1   0.052   0.000  tmr_unit/Mcompar_cont_next_cmp_lt0000_cy<10> (tmr_unit/Mcompar_cont_next_cmp_lt0000_cy<10>)
     MUXCY:CI->O           1   0.052   0.000  tmr_unit/Mcompar_cont_next_cmp_lt0000_cy<11> (tmr_unit/Mcompar_cont_next_cmp_lt0000_cy<11>)
     MUXCY:CI->O           1   0.052   0.000  tmr_unit/Mcompar_cont_next_cmp_lt0000_cy<12> (tmr_unit/Mcompar_cont_next_cmp_lt0000_cy<12>)
     MUXCY:CI->O           1   0.052   0.000  tmr_unit/Mcompar_cont_next_cmp_lt0000_cy<13> (tmr_unit/Mcompar_cont_next_cmp_lt0000_cy<13>)
     MUXCY:CI->O           1   0.052   0.000  tmr_unit/Mcompar_cont_next_cmp_lt0000_cy<14> (tmr_unit/Mcompar_cont_next_cmp_lt0000_cy<14>)
     MUXCY:CI->O           2   0.399   0.383  tmr_unit/Mcompar_cont_next_cmp_lt0000_cy<15> (tmr_unit/Mcompar_cont_next_cmp_lt0000_cy<15>)
     LUT4_D:I3->O          9   0.612   0.766  tmr_unit/cont_next<0>11 (tmr_unit/N01)
     LUT2:I1->O            1   0.612   0.000  tmr_unit/cont_next<18>1 (tmr_unit/cont_next<18>)
     FDC:D                     0.268          tmr_unit/cont_reg_18
    ----------------------------------------
    Total                      7.906ns (5.243ns logic, 2.663ns route)
                                       (66.3% logic, 33.7% route)

=========================================================================
Timing constraint: Default OFFSET OUT AFTER for Clock 'clk'
  Total number of paths / destination ports: 3 / 2
-------------------------------------------------------------------------
Offset:              5.373ns (Levels of Logic = 2)
  Source:            est_reg_FSM_FFd3 (FF)
  Destination:       lcd_e (PAD)
  Source Clock:      clk rising

  Data Path: est_reg_FSM_FFd3 to lcd_e
                                Gate     Net
    Cell:in->out      fanout   Delay   Delay  Logical Name (Net Name)
    ----------------------------------------  ------------
     FDC:C->Q              6   0.514   0.721  est_reg_FSM_FFd3 (est_reg_FSM_FFd3)
     LUT2:I0->O            1   0.612   0.357  est_reg_FSM_Out11 (lcd_e_OBUF)
     OBUF:I->O                 3.169          lcd_e_OBUF (lcd_e)
    ----------------------------------------
    Total                      5.373ns (4.295ns logic, 1.078ns route)
                                       (79.9% logic, 20.1% route)

=========================================================================
Timing constraint: Default path analysis
  Total number of paths / destination ports: 5 / 5
-------------------------------------------------------------------------
Delay:               5.068ns (Levels of Logic = 2)
  Source:            rs (PAD)
  Destination:       lcd_rs (PAD)

  Data Path: rs to lcd_rs
                                Gate     Net
    Cell:in->out      fanout   Delay   Delay  Logical Name (Net Name)
    ----------------------------------------  ------------
     IBUF:I->O            11   1.106   0.793  rs_IBUF (lcd_rs_OBUF)
     OBUF:I->O                 3.169          lcd_rs_OBUF (lcd_rs)
    ----------------------------------------
    Total                      5.068ns (4.275ns logic, 0.793ns route)
                                       (84.4% logic, 15.6% route)

=========================================================================


Total REAL time to Xst completion: 4.00 secs
Total CPU time to Xst completion: 3.94 secs
 
--> 

Total memory usage is 201160 kilobytes

Number of errors   :    0 (   0 filtered)
Number of warnings :    0 (   0 filtered)
Number of infos    :    0 (   0 filtered)

