Release 14.4 - xst P.49d (lin64)
Copyright (c) 1995-2012 Xilinx, Inc.  All rights reserved.
--> 
Parameter TMPDIR set to xst/projnav.tmp


Total REAL time to Xst completion: 0.00 secs
Total CPU time to Xst completion: 0.04 secs
 
--> 
Parameter xsthdpdir set to xst


Total REAL time to Xst completion: 0.00 secs
Total CPU time to Xst completion: 0.04 secs
 
--> 
Reading design: lcd_top.prj

TABLE OF CONTENTS
  1) Synthesis Options Summary
  2) HDL Compilation
  3) Design Hierarchy Analysis
  4) HDL Analysis
  5) HDL Synthesis
     5.1) HDL Synthesis Report
  6) Advanced HDL Synthesis
     6.1) Advanced HDL Synthesis Report
  7) Low Level Synthesis
  8) Partition Report
  9) Final Report
	9.1) Device utilization summary
	9.2) Partition Resource Summary
	9.3) TIMING REPORT


=========================================================================
*                      Synthesis Options Summary                        *
=========================================================================
---- Source Parameters
Input File Name                    : "lcd_top.prj"
Input Format                       : mixed
Ignore Synthesis Constraint File   : NO

---- Target Parameters
Output File Name                   : "lcd_top"
Output Format                      : NGC
Target Device                      : xc3s500e-5-fg320

---- Source Options
Top Module Name                    : lcd_top
Automatic FSM Extraction           : YES
FSM Encoding Algorithm             : Auto
Safe Implementation                : No
FSM Style                          : LUT
RAM Extraction                     : Yes
RAM Style                          : Auto
ROM Extraction                     : Yes
Mux Style                          : Auto
Decoder Extraction                 : YES
Priority Encoder Extraction        : Yes
Shift Register Extraction          : YES
Logical Shifter Extraction         : YES
XOR Collapsing                     : YES
ROM Style                          : Auto
Mux Extraction                     : Yes
Resource Sharing                   : YES
Asynchronous To Synchronous        : NO
Multiplier Style                   : Auto
Automatic Register Balancing       : No

---- Target Options
Add IO Buffers                     : YES
Global Maximum Fanout              : 100000
Add Generic Clock Buffer(BUFG)     : 24
Register Duplication               : YES
Slice Packing                      : YES
Optimize Instantiated Primitives   : NO
Use Clock Enable                   : Yes
Use Synchronous Set                : Yes
Use Synchronous Reset              : Yes
Pack IO Registers into IOBs        : Auto
Equivalent register Removal        : YES

---- General Options
Optimization Goal                  : Speed
Optimization Effort                : 1
Keep Hierarchy                     : No
Netlist Hierarchy                  : As_Optimized
RTL Output                         : Yes
Global Optimization                : AllClockNets
Read Cores                         : YES
Write Timing Constraints           : NO
Cross Clock Analysis               : NO
Hierarchy Separator                : /
Bus Delimiter                      : <>
Case Specifier                     : Maintain
Slice Utilization Ratio            : 100
BRAM Utilization Ratio             : 100
Verilog 2001                       : YES
Auto BRAM Packing                  : NO
Slice Utilization Ratio Delta      : 5

=========================================================================


=========================================================================
*                          HDL Compilation                              *
=========================================================================
Compiling vhdl file "/home/seba/Documents/shared/lcd/timer.vhd" in Library work.
Architecture data_flow of Entity timer is up to date.
Compiling vhdl file "/home/seba/Documents/shared/lcd/lcd.vhd" in Library work.
Architecture fsmd of Entity lcd is up to date.
Compiling vhdl file "/home/seba/Documents/shared/lcd/rom.vhd" in Library work.
Architecture rom_imp of Entity rom is up to date.
Compiling vhdl file "/home/seba/Documents/shared/lcd/lcd_top.vhd" in Library work.
Entity <lcd_top> compiled.
Entity <lcd_top> (Architecture <fsm>) compiled.

=========================================================================
*                     Design Hierarchy Analysis                         *
=========================================================================
Analyzing hierarchy for entity <lcd_top> in library <work> (architecture <fsm>).

Analyzing hierarchy for entity <lcd> in library <work> (architecture <fsmd>).

Analyzing hierarchy for entity <rom> in library <work> (architecture <rom_imp>).

Analyzing hierarchy for entity <timer> in library <work> (architecture <data_flow>).


=========================================================================
*                            HDL Analysis                               *
=========================================================================
Analyzing Entity <lcd_top> in library <work> (Architecture <fsm>).
Entity <lcd_top> analyzed. Unit <lcd_top> generated.

Analyzing Entity <lcd> in library <work> (Architecture <fsmd>).
Entity <lcd> analyzed. Unit <lcd> generated.

Analyzing Entity <timer> in library <work> (Architecture <data_flow>).
Entity <timer> analyzed. Unit <timer> generated.

Analyzing Entity <rom> in library <work> (Architecture <rom_imp>).
Entity <rom> analyzed. Unit <rom> generated.


=========================================================================
*                           HDL Synthesis                               *
=========================================================================

Performing bidirectional port resolution...

Synthesizing Unit <rom>.
    Related source file is "/home/seba/Documents/shared/lcd/rom.vhd".
    Found 4x4-bit ROM for signal <dato>.
    Summary:
	inferred   1 ROM(s).
Unit <rom> synthesized.


Synthesizing Unit <timer>.
    Related source file is "/home/seba/Documents/shared/lcd/timer.vhd".
    Found 20-bit adder for signal <cont_next$addsub0000> created at line 54.
    Found 20-bit comparator less for signal <cont_next$cmp_lt0000> created at line 54.
    Found 20-bit register for signal <cont_reg>.
    Found 20-bit comparator equal for signal <tick$cmp_eq0000> created at line 58.
    Summary:
	inferred  20 D-type flip-flop(s).
	inferred   1 Adder/Subtractor(s).
	inferred   2 Comparator(s).
Unit <timer> synthesized.


Synthesizing Unit <lcd>.
    Related source file is "/home/seba/Documents/shared/lcd/lcd.vhd".
    Found finite state machine <FSM_0> for signal <est_reg>.
    -----------------------------------------------------------------------
    | States             | 5                                              |
    | Transitions        | 9                                              |
    | Inputs             | 2                                              |
    | Outputs            | 3                                              |
    | Clock              | clk                       (rising_edge)        |
    | Reset              | clr                       (positive)           |
    | Reset type         | asynchronous                                   |
    | Reset State        | reposo                                         |
    | Power Up State     | reposo                                         |
    | Encoding           | automatic                                      |
    | Implementation     | LUT                                            |
    -----------------------------------------------------------------------
    Summary:
	inferred   1 Finite State Machine(s).
Unit <lcd> synthesized.


Synthesizing Unit <lcd_top>.
    Related source file is "/home/seba/Documents/shared/lcd/lcd_top.vhd".
WARNING:Xst:1780 - Signal <tmr_tick> is never used or assigned. This unconnected signal will be trimmed during the optimization process.
    Found finite state machine <FSM_1> for signal <est_reg>.
    -----------------------------------------------------------------------
    | States             | 15                                             |
    | Transitions        | 22                                             |
    | Inputs             | 2                                              |
    | Outputs            | 15                                             |
    | Clock              | clk                       (rising_edge)        |
    | Reset              | clr                       (positive)           |
    | Reset type         | asynchronous                                   |
    | Reset State        | inicio                                         |
    | Power Up State     | inicio                                         |
    | Encoding           | automatic                                      |
    | Implementation     | LUT                                            |
    -----------------------------------------------------------------------
    Found 3-bit register for signal <char_reg>.
    Found 3-bit adder for signal <char_reg$addsub0000> created at line 172.
    Summary:
	inferred   1 Finite State Machine(s).
	inferred   3 D-type flip-flop(s).
	inferred   1 Adder/Subtractor(s).
Unit <lcd_top> synthesized.


=========================================================================
HDL Synthesis Report

Macro Statistics
# ROMs                                                 : 1
 4x4-bit ROM                                           : 1
# Adders/Subtractors                                   : 2
 20-bit adder                                          : 1
 3-bit adder                                           : 1
# Registers                                            : 2
 20-bit register                                       : 1
 3-bit register                                        : 1
# Comparators                                          : 2
 20-bit comparator equal                               : 1
 20-bit comparator less                                : 1

=========================================================================

=========================================================================
*                       Advanced HDL Synthesis                          *
=========================================================================

Analyzing FSM <FSM_1> for best encoding.
Optimizing FSM <est_reg/FSM> on signal <est_reg[1:15]> with one-hot encoding.
-------------------------------
 State      | Encoding
-------------------------------
 inicio     | 000000000000001
 cmd_1      | 000000000000010
 wait_1     | 000000000000100
 cmd_2      | 000000000001000
 wait_2     | 000000000010000
 cmd_3      | 000000000100000
 wait_3     | 000000001000000
 cmd_4      | 000000010000000
 wait_4     | 000000100000000
 cmd_5      | 000001000000000
 wait_5     | 000010000000000
 texto      | 000100000000000
 wait_texto | 001000000000000
 texto_inc  | 010000000000000
 fin        | 100000000000000
-------------------------------
Analyzing FSM <FSM_0> for best encoding.
Optimizing FSM <lcd_unit/est_reg/FSM> on signal <est_reg[1:3]> with gray encoding.
--------------------
 State  | Encoding
--------------------
 reposo | 000
 lcd_1  | 001
 lcd_2  | 011
 lcd_3  | 010
 fin    | 110
--------------------

=========================================================================
Advanced HDL Synthesis Report

Macro Statistics
# FSMs                                                 : 2
# ROMs                                                 : 1
 4x4-bit ROM                                           : 1
# Adders/Subtractors                                   : 2
 20-bit adder                                          : 1
 3-bit adder                                           : 1
# Registers                                            : 23
 Flip-Flops                                            : 23
# Comparators                                          : 2
 20-bit comparator equal                               : 1
 20-bit comparator less                                : 1

=========================================================================

=========================================================================
*                         Low Level Synthesis                           *
=========================================================================

Optimizing unit <lcd_top> ...

Optimizing unit <timer> ...

Mapping all equations...
Building and optimizing final netlist ...
Found area constraint ratio of 100 (+ 5) on block lcd_top, actual ratio is 1.

Final Macro Processing ...

=========================================================================
Final Register Report

Macro Statistics
# Registers                                            : 40
 Flip-Flops                                            : 40

=========================================================================

=========================================================================
*                           Partition Report                            *
=========================================================================

Partition Implementation Status
-------------------------------

  No Partitions were found in this design.

-------------------------------

=========================================================================
*                            Final Report                               *
=========================================================================
Final Results
RTL Top Level Output File Name     : lcd_top.ngr
Top Level Output File Name         : lcd_top
Output Format                      : NGC
Optimization Goal                  : Speed
Keep Hierarchy                     : No

Design Statistics
# IOs                              : 8

Cell Usage :
# BELS                             : 162
#      GND                         : 1
#      INV                         : 7
#      LUT1                        : 21
#      LUT2                        : 29
#      LUT3                        : 19
#      LUT4                        : 16
#      LUT4_D                      : 2
#      LUT4_L                      : 1
#      MUXCY                       : 44
#      MUXF5                       : 1
#      VCC                         : 1
#      XORCY                       : 20
# FlipFlops/Latches                : 40
#      FDC                         : 39
#      FDP                         : 1
# Clock Buffers                    : 1
#      BUFGP                       : 1
# IO Buffers                       : 7
#      IBUF                        : 1
#      OBUF                        : 6
=========================================================================

Device utilization summary:
---------------------------

Selected Device : 3s500efg320-5 

 Number of Slices:                       50  out of   4656     1%  
 Number of Slice Flip Flops:             40  out of   9312     0%  
 Number of 4 input LUTs:                 95  out of   9312     1%  
 Number of IOs:                           8
 Number of bonded IOBs:                   8  out of    232     3%  
 Number of GCLKs:                         1  out of     24     4%  

---------------------------
Partition Resource Summary:
---------------------------

  No Partitions were found in this design.

---------------------------


=========================================================================
TIMING REPORT

NOTE: THESE TIMING NUMBERS ARE ONLY A SYNTHESIS ESTIMATE.
      FOR ACCURATE TIMING INFORMATION PLEASE REFER TO THE TRACE REPORT
      GENERATED AFTER PLACE-and-ROUTE.

Clock Information:
------------------
-----------------------------------+------------------------+-------+
Clock Signal                       | Clock buffer(FF name)  | Load  |
-----------------------------------+------------------------+-------+
clk                                | BUFGP                  | 40    |
-----------------------------------+------------------------+-------+

Asynchronous Control Signals Information:
----------------------------------------
-----------------------------------+------------------------+-------+
Control Signal                     | Buffer(FF name)        | Load  |
-----------------------------------+------------------------+-------+
clr(clr1_INV_0:O)                  | NONE(char_reg_0)       | 40    |
-----------------------------------+------------------------+-------+

Timing Summary:
---------------
Speed Grade: -5

   Minimum period: 6.283ns (Maximum Frequency: 159.167MHz)
   Minimum input arrival time before clock: No path found
   Maximum output required time after clock: 6.642ns
   Maximum combinational path delay: No path found

Timing Detail:
--------------
All values displayed in nanoseconds (ns)

=========================================================================
Timing constraint: Default period analysis for Clock 'clk'
  Clock period: 6.283ns (frequency: 159.167MHz)
  Total number of paths / destination ports: 1366 / 39
-------------------------------------------------------------------------
Delay:               6.283ns (Levels of Logic = 19)
  Source:            est_reg_FSM_FFd3 (FF)
  Destination:       lcd_unit/tmr_unit/cont_reg_19 (FF)
  Source Clock:      clk rising
  Destination Clock: clk rising

  Data Path: est_reg_FSM_FFd3 to lcd_unit/tmr_unit/cont_reg_19
                                Gate     Net
    Cell:in->out      fanout   Delay   Delay  Logical Name (Net Name)
    ----------------------------------------  ------------
     FDC:C->Q             19   0.514   0.991  est_reg_FSM_FFd3 (est_reg_FSM_FFd3)
     LUT3:I1->O            1   0.612   0.000  lcd_unit/tmr_unit/Mcompar_cont_next_cmp_lt0000_lut<0> (lcd_unit/tmr_unit/Mcompar_cont_next_cmp_lt0000_lut<0>)
     MUXCY:S->O            1   0.404   0.000  lcd_unit/tmr_unit/Mcompar_cont_next_cmp_lt0000_cy<0> (lcd_unit/tmr_unit/Mcompar_cont_next_cmp_lt0000_cy<0>)
     MUXCY:CI->O           1   0.052   0.000  lcd_unit/tmr_unit/Mcompar_cont_next_cmp_lt0000_cy<1> (lcd_unit/tmr_unit/Mcompar_cont_next_cmp_lt0000_cy<1>)
     MUXCY:CI->O           1   0.052   0.000  lcd_unit/tmr_unit/Mcompar_cont_next_cmp_lt0000_cy<2> (lcd_unit/tmr_unit/Mcompar_cont_next_cmp_lt0000_cy<2>)
     MUXCY:CI->O           1   0.052   0.000  lcd_unit/tmr_unit/Mcompar_cont_next_cmp_lt0000_cy<3> (lcd_unit/tmr_unit/Mcompar_cont_next_cmp_lt0000_cy<3>)
     MUXCY:CI->O           1   0.052   0.000  lcd_unit/tmr_unit/Mcompar_cont_next_cmp_lt0000_cy<4> (lcd_unit/tmr_unit/Mcompar_cont_next_cmp_lt0000_cy<4>)
     MUXCY:CI->O           1   0.052   0.000  lcd_unit/tmr_unit/Mcompar_cont_next_cmp_lt0000_cy<5> (lcd_unit/tmr_unit/Mcompar_cont_next_cmp_lt0000_cy<5>)
     MUXCY:CI->O           1   0.052   0.000  lcd_unit/tmr_unit/Mcompar_cont_next_cmp_lt0000_cy<6> (lcd_unit/tmr_unit/Mcompar_cont_next_cmp_lt0000_cy<6>)
     MUXCY:CI->O           1   0.052   0.000  lcd_unit/tmr_unit/Mcompar_cont_next_cmp_lt0000_cy<7> (lcd_unit/tmr_unit/Mcompar_cont_next_cmp_lt0000_cy<7>)
     MUXCY:CI->O           1   0.052   0.000  lcd_unit/tmr_unit/Mcompar_cont_next_cmp_lt0000_cy<8> (lcd_unit/tmr_unit/Mcompar_cont_next_cmp_lt0000_cy<8>)
     MUXCY:CI->O           1   0.052   0.000  lcd_unit/tmr_unit/Mcompar_cont_next_cmp_lt0000_cy<9> (lcd_unit/tmr_unit/Mcompar_cont_next_cmp_lt0000_cy<9>)
     MUXCY:CI->O           1   0.052   0.000  lcd_unit/tmr_unit/Mcompar_cont_next_cmp_lt0000_cy<10> (lcd_unit/tmr_unit/Mcompar_cont_next_cmp_lt0000_cy<10>)
     MUXCY:CI->O           1   0.052   0.000  lcd_unit/tmr_unit/Mcompar_cont_next_cmp_lt0000_cy<11> (lcd_unit/tmr_unit/Mcompar_cont_next_cmp_lt0000_cy<11>)
     MUXCY:CI->O           1   0.052   0.000  lcd_unit/tmr_unit/Mcompar_cont_next_cmp_lt0000_cy<12> (lcd_unit/tmr_unit/Mcompar_cont_next_cmp_lt0000_cy<12>)
     MUXCY:CI->O           1   0.052   0.000  lcd_unit/tmr_unit/Mcompar_cont_next_cmp_lt0000_cy<13> (lcd_unit/tmr_unit/Mcompar_cont_next_cmp_lt0000_cy<13>)
     MUXCY:CI->O           1   0.052   0.000  lcd_unit/tmr_unit/Mcompar_cont_next_cmp_lt0000_cy<14> (lcd_unit/tmr_unit/Mcompar_cont_next_cmp_lt0000_cy<14>)
     MUXCY:CI->O           2   0.399   0.383  lcd_unit/tmr_unit/Mcompar_cont_next_cmp_lt0000_cy<15> (lcd_unit/tmr_unit/Mcompar_cont_next_cmp_lt0000_cy<15>)
     LUT4_D:I3->O          9   0.612   0.766  lcd_unit/tmr_unit/cont_next<0>11 (lcd_unit/tmr_unit/N01)
     LUT2:I1->O            1   0.612   0.000  lcd_unit/tmr_unit/cont_next<17>1 (lcd_unit/tmr_unit/cont_next<17>)
     FDC:D                     0.268          lcd_unit/tmr_unit/cont_reg_17
    ----------------------------------------
    Total                      6.283ns (4.143ns logic, 2.140ns route)
                                       (65.9% logic, 34.1% route)

=========================================================================
Timing constraint: Default OFFSET OUT AFTER for Clock 'clk'
  Total number of paths / destination ports: 14 / 5
-------------------------------------------------------------------------
Offset:              6.642ns (Levels of Logic = 3)
  Source:            est_reg_FSM_FFd3 (FF)
  Destination:       lcd_data<1> (PAD)
  Source Clock:      clk rising

  Data Path: est_reg_FSM_FFd3 to lcd_data<1>
                                Gate     Net
    Cell:in->out      fanout   Delay   Delay  Logical Name (Net Name)
    ----------------------------------------  ------------
     FDC:C->Q             19   0.514   0.991  est_reg_FSM_FFd3 (est_reg_FSM_FFd3)
     LUT4:I1->O            1   0.612   0.387  lcd_data_in<1>_SW1 (N11)
     LUT3:I2->O            1   0.612   0.357  lcd_data_in<1> (lcd_data_in<1>)
     OBUF:I->O                 3.169          lcd_data_1_OBUF (lcd_data<1>)
    ----------------------------------------
    Total                      6.642ns (4.907ns logic, 1.735ns route)
                                       (73.9% logic, 26.1% route)

=========================================================================


Total REAL time to Xst completion: 4.00 secs
Total CPU time to Xst completion: 4.06 secs
 
--> 


Total memory usage is 524716 kilobytes

Number of errors   :    0 (   0 filtered)
Number of warnings :    1 (   0 filtered)
Number of infos    :    0 (   0 filtered)

