EN lcd NULL /home/seba/Documents/proyectoTD/proyectoTD/lcdOWN/lcd.vhd sub00/vhpl02 1418691727
AR lcd behavioral /home/seba/Documents/proyectoTD/proyectoTD/lcdOWN/lcd.vhd sub00/vhpl03 1418691728
EN lcd_top NULL /home/seba/Documents/proyectoTD/proyectoTD/lcdOWN/lcd_top.vhd sub00/vhpl04 1418691729
AR lcd_top behavioral /home/seba/Documents/proyectoTD/proyectoTD/lcdOWN/lcd_top.vhd sub00/vhpl05 1418691730
AR timer data_flow /home/seba/Documents/proyectoTD/proyectoTD/lcdOWN/timer.vhd sub00/vhpl01 1418691726
EN timer NULL /home/seba/Documents/proyectoTD/proyectoTD/lcdOWN/timer.vhd sub00/vhpl00 1418691725
